../Core/Src/main.c:108:6:playnote	8	static
../Core/Src/main.c:137:6:playing_init	8	static
../Core/Src/main.c:143:6:HAL_GPIO_EXTI_Callback	16	static
../Core/Src/main.c:151:6:HAL_TIM_PeriodElapsedCallback	16	static
../Core/Src/main.c:165:5:main	8	static
../Core/Src/main.c:211:6:SystemClock_Config	88	static
../Core/Src/main.c:258:13:MX_TIM1_Init	96	static
../Core/Src/main.c:333:13:MX_TIM2_Init	32	static
../Core/Src/main.c:378:13:MX_USART2_UART_Init	8	static
../Core/Src/main.c:411:13:MX_GPIO_Init	48	static
../Core/Src/main.c:461:6:Error_Handler	4	static,ignoring_inline_asm
